==========================================
  Phoenix Daily Run — 2026-05-21 15:05:18
  python: /usr/bin/python3
  root:   /Users/mikedampier/Library/Mobile Documents/com~apple~CloudDocs/Stocks/NitroPhoenix
==========================================

── Step 1/6: Yahoo daily fetch (14 macros + SQQQ + VIX) ──
/Users/mikedampier/Library/Python/3.9/lib/python/site-packages/urllib3/__init__.py:35: NotOpenSSLWarning: urllib3 v2 only supports OpenSSL 1.1.1+, currently the 'ssl' module is compiled with 'LibreSSL 2.8.3'. See: https://github.com/urllib3/urllib3/issues/3020
  warnings.warn(
/Users/mikedampier/Library/Mobile Documents/com~apple~CloudDocs/Stocks/NitroPhoenix/fetch_yahoo_daily.py:94: UserWarning: Could not infer format, so each element will be parsed individually, falling back to `dateutil`. To ensure parsing is consistent and as-expected, please specify a format.
  df['Date'] = pd.to_datetime(df['Date'])
/Users/mikedampier/Library/Mobile Documents/com~apple~CloudDocs/Stocks/NitroPhoenix/fetch_yahoo_daily.py:94: UserWarning: Could not infer format, so each element will be parsed individually, falling back to `dateutil`. To ensure parsing is consistent and as-expected, please specify a format.
  df['Date'] = pd.to_datetime(df['Date'])
fetch_yahoo_daily  2026-05-21
project root: /Users/mikedampier/Library/Mobile Documents/com~apple~CloudDocs/Stocks/NitroPhoenix

── Legacy format (SQQQ, ^VIX) ─────────────────────────────

── SQQQ → sqqq-from-yahoo.csv
  Downloaded 5 rows (2026-05-15 → 2026-05-21)
  Snapshot → sqqq_2026-05-21.csv
  ✅ Added 1 row(s) to sqqq-from-yahoo.csv  (now 4094 rows, latest 2026-05-21)

── ^VIX → vix-from-yahoo.csv
  Downloaded 5 rows (2026-05-15 → 2026-05-21)
  Snapshot → vix_2026-05-21.csv
  ✅ Added 1 row(s) to vix-from-yahoo.csv  (now 9164 rows, latest 2026-05-21)

── Macro format (14 Yahoo CSVs) ─────────────────────────

── ^TNX → ^TNX_historical_data.csv
  Downloaded 5 rows (2026-05-15 → 2026-05-21)
  Snapshot → tnx_2026-05-21.csv
  ✅ Added 1 row(s) to ^TNX_historical_data.csv  (now 16112 rows, latest 2026-05-21)

── ^IRX → ^IRX_historical_data.csv
  Downloaded 5 rows (2026-05-15 → 2026-05-21)
  Snapshot → irx_2026-05-21.csv
  ✅ Added 1 row(s) to ^IRX_historical_data.csv  (now 16611 rows, latest 2026-05-21)

── TLT → TLT_historical_data.csv
  Downloaded 5 rows (2026-05-15 → 2026-05-21)
  Snapshot → tlt_2026-05-21.csv
  ✅ Added 1 row(s) to TLT_historical_data.csv  (now 5992 rows, latest 2026-05-21)

── DX-Y.NYB → DX-Y.NYB_historical_data.csv
  Downloaded 4 rows (2026-05-18 → 2026-05-21)
  Snapshot → dx-y_nyb_2026-05-21.csv
  ✅ Added 1 row(s) to DX-Y.NYB_historical_data.csv  (now 14064 rows, latest 2026-05-21)

── GLD → GLD_historical_data.csv
  Downloaded 5 rows (2026-05-15 → 2026-05-21)
  Snapshot → gld_2026-05-21.csv
  ✅ Added 1 row(s) to GLD_historical_data.csv  (now 5410 rows, latest 2026-05-21)

── SPY → SPY_historical_data.csv
  Downloaded 5 rows (2026-05-15 → 2026-05-21)
  Snapshot → spy_2026-05-21.csv
  ✅ Added 1 row(s) to SPY_historical_data.csv  (now 8385 rows, latest 2026-05-21)

── SMH → SMH_historical_data.csv
  Downloaded 5 rows (2026-05-15 → 2026-05-21)
  Snapshot → smh_2026-05-21.csv
  ✅ Added 1 row(s) to SMH_historical_data.csv  (now 6530 rows, latest 2026-05-21)

── IWM → IWM_historical_data.csv
  Downloaded 5 rows (2026-05-15 → 2026-05-21)
  Snapshot → iwm_2026-05-21.csv
  ✅ Added 1 row(s) to IWM_historical_data.csv  (now 6535 rows, latest 2026-05-21)

── HYG → HYG_historical_data.csv
  Downloaded 5 rows (2026-05-15 → 2026-05-21)
  Snapshot → hyg_2026-05-21.csv
  ✅ Added 1 row(s) to HYG_historical_data.csv  (now 4810 rows, latest 2026-05-21)

── LQD → LQD_historical_data.csv
  Downloaded 5 rows (2026-05-15 → 2026-05-21)
  Snapshot → lqd_2026-05-21.csv
  ✅ Added 1 row(s) to LQD_historical_data.csv  (now 5992 rows, latest 2026-05-21)

── VWEHX → VWEHX_historical_data.csv
  Downloaded 4 rows (2026-05-15 → 2026-05-20)
  Snapshot → vwehx_2026-05-21.csv
  ✅ Added 1 row(s) to VWEHX_historical_data.csv  (now 11691 rows, latest 2026-05-20)

── ^VVIX → ^VVIX_historical_data.csv
  Downloaded 5 rows (2026-05-15 → 2026-05-21)
  Snapshot → vvix_2026-05-21.csv
  ✅ Added 1 row(s) to ^VVIX_historical_data.csv  (now 4868 rows, latest 2026-05-21)

── ^VXN → ^VXN_historical_data.csv
  Downloaded 5 rows (2026-05-15 → 2026-05-21)
  Snapshot → vxn_2026-05-21.csv
  ✅ Added 1 row(s) to ^VXN_historical_data.csv  (now 6370 rows, latest 2026-05-21)

── ^VIX9D → ^VIX9D_historical_data.csv
  Downloaded 5 rows (2026-05-15 → 2026-05-21)
  Snapshot → vix9d_2026-05-21.csv
  ✅ Added 1 row(s) to ^VIX9D_historical_data.csv  (now 3869 rows, latest 2026-05-21)

Done.  Rows added across all files: 16.

── Step 2/6: VectorVest daily fetch (QQQ, TQQQ, timing) ──
/Users/mikedampier/Library/Python/3.9/lib/python/site-packages/urllib3/__init__.py:35: NotOpenSSLWarning: urllib3 v2 only supports OpenSSL 1.1.1+, currently the 'ssl' module is compiled with 'LibreSSL 2.8.3'. See: https://github.com/urllib3/urllib3/issues/3020
  warnings.warn(
[2026-05-21T15:05:26.287159] fetch_vv_daily  2026-05-21

/Users/mikedampier/Library/Mobile Documents/com~apple~CloudDocs/Stocks/NitroPhoenix/fetch_vv_daily.py:112: UserWarning: Could not infer format, so each element will be parsed individually, falling back to `dateutil`. To ensure parsing is consistent and as-expected, please specify a format.
  df['Date'] = pd.to_datetime(df['Date'])
── VectorVest REST API timing ────────────────────────────────
  Fetched 10 rows  (2026-05-08 → 2026-05-21)
  Snapshot → timing_2026-05-21.csv
  ✅ vectorvest-views-w3place-precision.csv: added 1 row(s) from timing table: [datetime.date(2026, 5, 21)]
  Trading day resolved from API: 2026-05-21

── StockViewer ───────────────────────────────────────────────
Login form loaded
Filled username: dampiermike@gmail.com
Filled password
Clicking login button: input[name*='btnLogin' i]
Login completed, current URL: https://www.vectorvest.com/vvlogin/YourAccount.aspx
Login form not found — may already be logged in
  StockViewer loaded: VectorVest Stock Viewer
/Users/mikedampier/Library/Mobile Documents/com~apple~CloudDocs/Stocks/NitroPhoenix/fetch_vv_daily.py:112: UserWarning: Could not infer format, so each element will be parsed individually, falling back to `dateutil`. To ensure parsing is consistent and as-expected, please specify a format.
  df['Date'] = pd.to_datetime(df['Date'])
/Users/mikedampier/Library/Mobile Documents/com~apple~CloudDocs/Stocks/NitroPhoenix/fetch_vv_daily.py:112: UserWarning: Could not infer format, so each element will be parsed individually, falling back to `dateutil`. To ensure parsing is consistent and as-expected, please specify a format.
  df['Date'] = pd.to_datetime(df['Date'])
/Users/mikedampier/Library/Mobile Documents/com~apple~CloudDocs/Stocks/NitroPhoenix/fetch_vv_daily.py:112: UserWarning: Could not infer format, so each element will be parsed individually, falling back to `dateutil`. To ensure parsing is consistent and as-expected, please specify a format.
  df['Date'] = pd.to_datetime(df['Date'])
  Parsed: TQQQ — ProShares UltraPro QQQ @ 76.51
  Parsed: QQQ — Invesco QQQ Trust Series 1 @ 713.15
  Parsed: VVC — VV Composite @ 82.243

  Snapshot → stockviewer_2026-05-21.csv

Symbol  Price   RV   RS   RT  VST REC   Stop
  TQQQ  76.51 1.00 1.00 1.89 1.41   B  61.26
   QQQ 713.15 1.00 1.00 1.48 1.21   B 638.10
   VVC 82.243 0.90 0.85 0.99 0.95   H  76.85

  ✅ qqq-from-vv.csv: added 2026-05-21  Close=713.15  RT=1.48
  ✅ tqqq-from-vv.csv: added 2026-05-21  Close=76.51  RT=1.89
  ✅ vectorvest-views-w3place-precision.csv: updated 2026-05-21  VVC-Price 82.681 → 82.243 (StockViewer, 3dp)  VVC-RT=0.99

── Step 3/6: Sync shared files from Nitro (Nitro = source of truth) ──
  copied  qqq-from-vv.csv
  copied  sqqq-from-yahoo.csv
  copied  synthetic-tqqq-ohlc-1999-2010.csv
  copied  tqqq-from-vv.csv
  copied  vectorvest-views-w3place-precision.csv
  copied  vix-from-yahoo.csv
Nitro sync: 6 copied, 0 not present in Nitro.

── Step 4/6: Freshness check (aborts run if any file stale) ──
/Users/mikedampier/Library/Python/3.9/lib/python/site-packages/urllib3/__init__.py:35: NotOpenSSLWarning: urllib3 v2 only supports OpenSSL 1.1.1+, currently the 'ssl' module is compiled with 'LibreSSL 2.8.3'. See: https://github.com/urllib3/urllib3/issues/3020
  warnings.warn(
validate_freshness
  project root:  /Users/mikedampier/Library/Mobile Documents/com~apple~CloudDocs/Stocks/NitroPhoenix
  expected TD:   2026-05-21  (source: SPY (yfinance))

  file                                     last bar      TD behind   tol   status
  ----------------------------------------------------------------------------
  DX-Y.NYB_historical_data.csv             2026-05-21            0     0   ✓
  GLD_historical_data.csv                  2026-05-21            0     0   ✓
  HYG_historical_data.csv                  2026-05-21            0     0   ✓
  IWM_historical_data.csv                  2026-05-21            0     0   ✓
  LQD_historical_data.csv                  2026-05-21            0     0   ✓
  SMH_historical_data.csv                  2026-05-21            0     0   ✓
  SPY_historical_data.csv                  2026-05-21            0     0   ✓
  TLT_historical_data.csv                  2026-05-21            0     0   ✓
  VWEHX_historical_data.csv                2026-05-20            1     1   ✓
  ^IRX_historical_data.csv                 2026-05-21            0     0   ✓
  ^TNX_historical_data.csv                 2026-05-21            0     0   ✓
  ^VIX9D_historical_data.csv               2026-05-21            0     0   ✓
  ^VVIX_historical_data.csv                2026-05-21            0     0   ✓
  ^VXN_historical_data.csv                 2026-05-21            0     0   ✓
  qqq-from-vv.csv                          2026-05-21            0     0   ✓
  sqqq-from-yahoo.csv                      2026-05-21            0     0   ✓
  tqqq-from-vv.csv                         2026-05-21            0     0   ✓
  vectorvest-views-w3place-precision.csv   2026-05-21            0     0   ✓
  vix-from-yahoo.csv                       2026-05-21            0     0   ✓

  ✅ all 19 live files current (1 static file(s) skipped)

── Step 5/6: Phoenix daily signal ──
Phoenix daily signal — 2026-05-21
Loading data and computing macro signals...
/Users/mikedampier/Library/Mobile Documents/com~apple~CloudDocs/Stocks/NitroPhoenix/Backtester/phoenix.py:949: RuntimeWarning: Mean of empty slice
  mean_score = np.nanmean(clipped, axis=1)  # divisor = non-NaN count
df: 6640 rows, 2000-01-03 → 2026-05-21

══════════════════════════════════════════════════════════════════════
  Phoenix Daily Signal — 2026-05-21 (last bar)
══════════════════════════════════════════════════════════════════════

──────────────────────────────────────────────────────────────────────
  Today's market data
──────────────────────────────────────────────────────────────────────
  QQQ Close = 713.15   Trend = DnUp   cc = C/Up
  RT = 0.99   MTI = 1.18   BSR = 1.29   VIX = 16.68
  DEW signal today = (none)
  TQQQ_rt = 1.89   TQQQ_atr = 4.89   TQQQ_close = 76.51
  qqq_5d_ret = -0.22%

──────────────────────────────────────────────────────────────────────
  R21 macro state
──────────────────────────────────────────────────────────────────────
  combo (regime scaler)  = 1.5000
  realized_vol_20 (ann.) = 0.1746   vol_scaler = 1.2000
  Portfolio eq = $363,899,029,741  peak = $456,960,765,779  dd = -20.37%  DD brake = off

──────────────────────────────────────────────────────────────────────
  Current position
──────────────────────────────────────────────────────────────────────
  Flat — no open position.
  last_dew = None   cup_entered = False   cdn_active = False
  Cap cooldown: 280 bars since last signal (cleared)

══════════════════════════════════════════════════════════════════════
  ACTION FOR TOMORROW'S OPEN
══════════════════════════════════════════════════════════════════════
  >>> HOLD
      No signal. Flat.

──────────────────────────────────────────────────────────────────────
  Backtest reconciliation (through bar N-2)
──────────────────────────────────────────────────────────────────────
  Replay through 2026-05-19: 224 trades  eq = $363,899,029,741
  CAGR 77.32%   Sharpe 1.59   Max DD -37.26%
  Most recent trade: 2026-01-07 → 2026-01-21  TQQQ  -6.9594%  (Stop)
══════════════════════════════════════════════════════════════════════
email sent to ['dampiermike@gmail.com']
iMessage sent to +12256144680 (iMessage)
iMessage sent to +13038818222 (iMessage)
iMessage sent to +18137815601 (SMS)

── Step 6/6: Commit & push data ──
[main 01820cd] Daily data update — 2026-05-21
 37 files changed, 132 insertions(+), 6 deletions(-)
 create mode 100644 data/csv/daily/dx-y_nyb_2026-05-21.csv
 create mode 100644 data/csv/daily/gld_2026-05-21.csv
 create mode 100644 data/csv/daily/hyg_2026-05-21.csv
 create mode 100644 data/csv/daily/irx_2026-05-21.csv
 create mode 100644 data/csv/daily/iwm_2026-05-21.csv
 create mode 100644 data/csv/daily/lqd_2026-05-21.csv
 create mode 100644 data/csv/daily/smh_2026-05-21.csv
 create mode 100644 data/csv/daily/spy_2026-05-21.csv
 create mode 100644 data/csv/daily/sqqq_2026-05-21.csv
 create mode 100644 data/csv/daily/stockviewer_2026-05-21.csv
 create mode 100644 data/csv/daily/timing_2026-05-21.csv
 create mode 100644 data/csv/daily/tlt_2026-05-21.csv
 create mode 100644 data/csv/daily/tnx_2026-05-21.csv
 create mode 100644 data/csv/daily/vix9d_2026-05-21.csv
 create mode 100644 data/csv/daily/vix_2026-05-21.csv
 create mode 100644 data/csv/daily/vvix_2026-05-21.csv
 create mode 100644 data/csv/daily/vwehx_2026-05-21.csv
 create mode 100644 data/csv/daily/vxn_2026-05-21.csv
To https://github.com/dampiermike/NitroPhoenix.git
   ecaca0b..01820cd  HEAD -> main
Pushed to origin/main.

==========================================
  Done — 2026-05-21 15:05:59
==========================================
